// Jest Snapshot v1, https://goo.gl/fbAQLP

exports[`component: <RefreshButton/> RefreshButton should render without crashing 1`] = `
<Button
  className="Refresh-button"
  onClick={[Function]}
  size="default"
  type="primary"
>
  <Icon
    spin={false}
    theme="outlined"
    type="sync"
  />
</Button>
`;
