// Jest Snapshot v1, https://goo.gl/fbAQLP

exports[`component: <Balance/> renderBalance should render as expected 1`] = `
<div
  className="Balance"
>
  <div
    className="Balance-value"
  >
    <div
      className="Balance-value-currency"
    >
      Balance:
       
      <img
        alt="Thor Logo grey"
        className="Balance-image"
        src="images/Thor_Logo-small.png"
      />
    </div>
    <span>
      5,000 THOR
    </span>
  </div>
  <div
    className="Balance-approximately-box"
  >
    <div
      className="Balance-approximately-message"
    >
      Approx. 
      5
       days of payments
    </div>
    <div
      className="Balance-approximately-switch"
    >
      <span
        className="Balance-approximately-switch-label"
      >
        Auto Renew 
        ON
      </span>
      <Switch
        defaultChecked={true}
        onChange={[Function]}
      />
    </div>
  </div>
</div>
`;
