// Jest Snapshot v1, https://goo.gl/fbAQLP

exports[`component: <ContractorSummary/> render ContractorSummary 1`] = `
<div
  className="ContractorSummary"
>
  <div
    className="ContractorSummary-labels"
  >
    <div>
      Rank
    </div>
    <div>
      Num Jobs
    </div>
    <div>
      Prev
    </div>
    <div>
      Selected Period
    </div>
    <div>
      YTD EARNINGS
    </div>
  </div>
  <div
    className="ContractorSummary-values"
  >
    <div>
      1
    </div>
    <div>
      10
    </div>
    <div>
      $1,234.56
    </div>
    <div>
      $987.65
    </div>
    <div>
      $12,345.67
    </div>
  </div>
</div>
`;
