// Jest Snapshot v1, https://goo.gl/fbAQLP

exports[`page: AddContractor renderForm should render without crashing 1`] = `
<form
  onSubmit={[Function]}
>
  <FormField
    key="field1"
    label="Field 1"
    name="field1"
    placeholder="xxx"
  />
  <FormField
    key="field2"
    label="Field 2"
    name="field2"
  />
  <div
    className="Add-contractor__button-container"
  >
    <Button
      className="Add-contractor__button-container--button"
      disabled={true}
      htmlType="submit"
      loading={false}
      size="large"
      type="primary"
    >
      Add 
    </Button>
  </div>
</form>
`;
